// Jest Snapshot v1, https://goo.gl/fbAQLP

exports[`Index page renders correctly 1`] = `
<main
  className="sc-bdVaJa cHrwRm"
>
  <h1
    className="sc-bwzfXH jotfnM"
  >
    stir.
  </h1>
  <p>
    This is a 
    <b>
      test
    </b>
     paragraph, to look at typography 
    <em>
      scaling
    </em>
     
    and nice fonts.
  </p>
  <div>
    <a
      href="/test/1/"
    >
      <h3>
        Test Post
         
        <span>
          — 
          12 March, 2019
        </span>
      </h3>
    </a>
  </div>
  <div>
    <a
      href="/test/2"
    >
      <h3>
        Test Post
         
        <span>
          — 
          11 March, 2019
        </span>
      </h3>
    </a>
  </div>
</main>
`;
