// Jest Snapshot v1, https://goo.gl/fbAQLP

exports[`Index page renders correctly 1`] = `
<main
  className="sc-bdVaJa cHrwRm"
>
  <h1
    className="sc-bwzfXH jotfnM"
  >
    stir.
  </h1>
  <p>
    This is a 
    <b>
      test
    </b>
     paragraph, to look at typography 
    <em>
      scaling
    </em>
     
    and nice fonts.
  </p>
</main>
`;
